CREATE TABLE memos (
  id integer,
  content text
);
INSERT INTO memos VALUES (1, 'PostgreSQL is a RDBMS.');
INSERT INTO memos VALUES (2, 'Groonga is fast full text search engine.');
INSERT INTO memos VALUES (3, 'PGroonga is a PostgreSQL extension that uses Groonga.');
CREATE INDEX pgrn_content_index ON memos
  USING pgroonga (content);
SELECT idx_scan
  FROM pg_stat_user_indexes
 WHERE indexrelname = 'pgrn_content_index';
 idx_scan 
----------
        0
(1 row)

SET enable_seqscan = off;
SET enable_indexscan = off;
SET enable_bitmapscan = on;
EXPLAIN (COSTS OFF)
SELECT id, content
  FROM memos
 WHERE content &@~ 'Groonga';
                    QUERY PLAN                     
---------------------------------------------------
 Bitmap Heap Scan on memos
   Recheck Cond: (content &@~ 'Groonga'::text)
   ->  Bitmap Index Scan on pgrn_content_index
         Index Cond: (content &@~ 'Groonga'::text)
(4 rows)

SELECT id, content
  FROM memos
 WHERE content &@~ 'Groonga';
 id |                        content                        
----+-------------------------------------------------------
  2 | Groonga is fast full text search engine.
  3 | PGroonga is a PostgreSQL extension that uses Groonga.
(2 rows)

-- idx_scan may not be updated immediately, so we use pg_stat_force_next_flush()
-- to force an immediate update.
-- However, this function was introduced in PostgreSQL 15, so we use pg_sleep()
-- instead for PostgreSQL 14.
DO LANGUAGE plpgsql $$
BEGIN
        IF current_setting('server_version_num')::int >= 150000 THEN
                PERFORM pg_stat_force_next_flush();
        ELSE
                PERFORM pg_sleep(2);
        END IF;
END;
$$;
SELECT idx_scan
  FROM pg_stat_user_indexes
 WHERE indexrelname = 'pgrn_content_index';
 idx_scan 
----------
        1
(1 row)

DROP TABLE memos;
