CREATE TABLE memos (
  id integer,
  content text
);
INSERT INTO memos VALUES (1, 'PostgreSQL is a RDBMS.');
INSERT INTO memos VALUES (2, 'Groonga is fast full text search engine.');
INSERT INTO memos VALUES (3, 'PGroonga is a PostgreSQL extension that uses Groonga.');
CREATE INDEX pgrn_content_index ON memos
  USING pgroonga (content);
SELECT idx_scan
  FROM pg_stat_user_indexes
 WHERE indexrelname = 'pgrn_content_index';
 idx_scan 
----------
        0
(1 row)

SET enable_seqscan = off;
SET enable_indexscan = on;
SET enable_bitmapscan = off;
EXPLAIN (COSTS OFF)
SELECT id, content
  FROM memos
 WHERE content &@~ 'Groonga';
                  QUERY PLAN                  
----------------------------------------------
 Index Scan using pgrn_content_index on memos
   Index Cond: (content &@~ 'Groonga'::text)
(2 rows)

SELECT id, content
  FROM memos
 WHERE content &@~ 'Groonga';
 id |                        content                        
----+-------------------------------------------------------
  2 | Groonga is fast full text search engine.
  3 | PGroonga is a PostgreSQL extension that uses Groonga.
(2 rows)

SELECT idx_scan
  FROM pg_stat_user_indexes
 WHERE indexrelname = 'pgrn_content_index';
 idx_scan 
----------
        1
(1 row)

DROP TABLE memos;
